// Jest Snapshot v1, https://goo.gl/fbAQLP

exports[`Button Component 1`] = `
<View
  style={
    Object {
      "margin": 10,
    }
  }
>
  <View
    accessible={true}
    collapsable={false}
    focusable={true}
    onBlur={[Function]}
    onClick={[Function]}
    onFocus={[Function]}
    onResponderGrant={[Function]}
    onResponderMove={[Function]}
    onResponderRelease={[Function]}
    onResponderTerminate={[Function]}
    onResponderTerminationRequest={[Function]}
    onStartShouldSetResponder={[Function]}
    style={
      Object {
        "backgroundColor": "#4c51e6",
        "borderRadius": 4,
        "paddingHorizontal": 40,
        "paddingVertical": 10,
      }
    }
  >
    <Text
      style={
        Object {
          "color": "#fff",
          "fontSize": 18,
          "fontWeight": "500",
        }
      }
    >
      Test label
    </Text>
  </View>
</View>
`;
