// Jest Snapshot v1, https://goo.gl/fbAQLP

exports[`Credit screen renders correctly 1`] = `
<RCTScrollView>
  <View>
    <View
      style={
        Object {
          "marginTop": 10,
          "paddingHorizontal": 15,
        }
      }
    >
      <View
        style={
          Object {
            "alignItems": "center",
            "justifyContent": "center",
          }
        }
      >
        <Text
          style={
            Object {
              "fontSize": 24,
              "fontWeight": "400",
            }
          }
        >
          Credits
        </Text>
        <View
          accessible={true}
          collapsable={false}
          focusable={true}
          onBlur={[Function]}
          onClick={[Function]}
          onFocus={[Function]}
          onResponderGrant={[Function]}
          onResponderMove={[Function]}
          onResponderRelease={[Function]}
          onResponderTerminate={[Function]}
          onResponderTerminationRequest={[Function]}
          onStartShouldSetResponder={[Function]}
          style={
            Object {
              "backgroundColor": "#4c51e6",
              "borderRadius": 4,
              "paddingHorizontal": 40,
              "paddingVertical": 10,
            }
          }
        >
          <Text
            style={
              Object {
                "color": "#fff",
                "fontSize": 18,
                "fontWeight": "500",
              }
            }
          >
            About
          </Text>
        </View>
        <View
          accessible={true}
          collapsable={false}
          focusable={true}
          onBlur={[Function]}
          onClick={[Function]}
          onFocus={[Function]}
          onResponderGrant={[Function]}
          onResponderMove={[Function]}
          onResponderRelease={[Function]}
          onResponderTerminate={[Function]}
          onResponderTerminationRequest={[Function]}
          onStartShouldSetResponder={[Function]}
          style={
            Array [
              Object {
                "backgroundColor": "#4c51e6",
                "borderRadius": 4,
                "paddingHorizontal": 40,
                "paddingVertical": 10,
              },
              Object {
                "marginTop": 5,
              },
            ]
          }
        >
          <Text
            style={
              Object {
                "color": "#fff",
                "fontSize": 18,
                "fontWeight": "500",
              }
            }
          >
            Home
          </Text>
        </View>
      </View>
    </View>
  </View>
</RCTScrollView>
`;
